Flutter crash report.
Please report a bug at https://github.com/flutter/flutter/issues.

## command

flutter test packages/ec_data/test/ec_api_test.dart --name capturedAt

## exception

PathNotFoundException: PathNotFoundException: Cannot copy file to '/Users/sontruong/workspace/ex/evidence-cam/evidence-cam-app/build/unit_test_assets/NativeAssetsManifest.json', path = '/Users/sontruong/workspace/ex/evidence-cam/evidence-cam-app/build/native_assets/macos/native_assets.json' (OS Error: No such file or directory, errno = 2)

```
#0      _checkForErrorResponse (dart:io/common.dart:58:9)
#1      _File.copy.<anonymous closure> (dart:io/file_impl.dart:406:7)
#2      _rootRunUnary (dart:async/zone_root.dart:48:47)
#3      _CustomZone.runUnary (dart:async/zone.dart:733:19)
<asynchronous suspension>
#4      ForwardingFile.copy (package:file/src/forwarding/forwarding_file.dart:29:51)
<asynchronous suspension>
#5      ForwardingFile.copy (package:file/src/forwarding/forwarding_file.dart:29:51)
<asynchronous suspension>
#6      TestCommand.runCommand (package:flutter_tools/src/commands/test.dart:517:7)
<asynchronous suspension>
#7      FlutterCommand.run.<anonymous closure> (package:flutter_tools/src/runner/flutter_command.dart:1630:27)
<asynchronous suspension>
#8      AppContext.run.<anonymous closure> (package:flutter_tools/src/base/context.dart:154:19)
<asynchronous suspension>
#9      CommandRunner.runCommand (package:args/command_runner.dart:212:13)
<asynchronous suspension>
#10     FlutterCommandRunner.runCommand.<anonymous closure> (package:flutter_tools/src/runner/flutter_command_runner.dart:496:9)
<asynchronous suspension>
#11     AppContext.run.<anonymous closure> (package:flutter_tools/src/base/context.dart:154:19)
<asynchronous suspension>
#12     FlutterCommandRunner.runCommand (package:flutter_tools/src/runner/flutter_command_runner.dart:431:5)
<asynchronous suspension>
#13     FlutterCommandRunner.run.<anonymous closure> (package:flutter_tools/src/runner/flutter_command_runner.dart:307:33)
<asynchronous suspension>
#14     run.<anonymous closure>.<anonymous closure> (package:flutter_tools/runner.dart:104:11)
<asynchronous suspension>
#15     AppContext.run.<anonymous closure> (package:flutter_tools/src/base/context.dart:154:19)
<asynchronous suspension>
#16     main (package:flutter_tools/executable.dart:103:3)
<asynchronous suspension>
```

## flutter doctor

```
[✓] Flutter (Channel stable, 3.44.0, on macOS 26.2 25C56 darwin-arm64, locale en-VN) [402ms]
    • Flutter version 3.44.0 on channel stable at /Users/sontruong/fvm/versions/3.44.0
    • Upstream repository https://github.com/flutter/flutter.git
    • Framework revision 559ffa3f75 (2 months ago), 2026-05-15 14:13:13 -0700
    • Engine revision 4c525dac5e
    • Dart version 3.12.0
    • DevTools version 2.57.0
    • Feature flags: enable-web, enable-linux-desktop, enable-macos-desktop, enable-windows-desktop, enable-android, enable-ios, cli-animations, enable-native-assets, no-enable-swift-package-manager, omit-legacy-version-file, enable-lldb-debugging, enable-uiscene-migration

[✓] Android toolchain - develop for Android devices (Android SDK version 36.1.0) [2.0s]
    • Android SDK at /Users/sontruong/Library/Android/sdk
    • Emulator version 36.2.12.0 (build_id 14214601) (CL:N/A)
    • Platform android-36-ext19, build-tools 36.1.0
    • ANDROID_HOME = /Users/sontruong/Library/Android/sdk
    • Java binary at: /Applications/Android Studio.app/Contents/jbr/Contents/Home/bin/java
      This is the JDK bundled with the latest Android Studio installation on this machine.
      To manually set the JDK path, use: `flutter config --jdk-dir="path/to/jdk"`.
    • Java version OpenJDK Runtime Environment (build 21.0.9+-14787801-b1163.94)
    • All Android licenses accepted.

[✓] Xcode - develop for iOS and macOS (Xcode 26.1.1) [1,170ms]
    • Xcode at /Applications/Xcode.app/Contents/Developer
    • Build 17B100
    • CocoaPods version 1.16.2

[✓] Chrome - develop for the web [7ms]
    • Chrome at /Applications/Google Chrome.app/Contents/MacOS/Google Chrome

[✓] Connected device (6 available) [6.1s]
    • Nxtrung (wireless) (mobile) • 00008130-000809440238001C • ios            • iOS 17.0.3 21A360
    • hondanho (mobile)           • 00008030-0001055A0E29802E • ios            • iOS 26.2 23C55
    • iPhone (wireless) (mobile)  • 00008030-001818621452802E • ios            • iOS 26.5.2 23F84
    • Đức😘 (wireless) (mobile)   • 00008120-001C4C593C8BC01E • ios            • iOS 18.6.2 22G100
    • macOS (desktop)             • macos                     • darwin-arm64   • macOS 26.2 25C56 darwin-arm64
    • Chrome (web)                • chrome                    • web-javascript • Google Chrome 150.0.7871.182

[✓] Network resources [465ms]
    • All expected network resources are available.

• No issues found!
```
